$ git help ocnfig
fatal: 'C:/Users/Ka251005/AppData/Local/Programs/Git/mingw64/share/doc/git-doc/gitocnfig.html': documentation file not found.

Ka251005@RYTU6LAP7GTHC54 MINGW64 ~
$ git config --help

Ka251005@RYTU6LAP7GTHC54 MINGW64 ~
$ mkdir test

Ka251005@RYTU6LAP7GTHC54 MINGW64 ~
$ cd test

Ka251005@RYTU6LAP7GTHC54 MINGW64 ~/test
$ git init
Initialized empty Git repository in C:/Users/Ka251005/test/.git/

Ka251005@RYTU6LAP7GTHC54 MINGW64 ~/test (master)
$ git status
On branch master

No commits yet

Untracked files:
  (use "git add <file>..." to include in what will be committed)
        bash_pipeline.txt

nothing added to commit but untracked files present (use "git add" to track)

Ka251005@RYTU6LAP7GTHC54 MINGW64 ~/test (master)
$ git add bash_pipeline.txt

Ka251005@RYTU6LAP7GTHC54 MINGW64 ~/test (master)
$ git commit -m "commit"
[master (root-commit) ea49d97] commit
 Committer: Kaiyven Leslie (Public Health Wales - No. 2 Capital Quarter) <Kaiyven.Leslie@wales.nhs.uk>
Your name and email address were configured automatically based
on your username and hostname. Please check that they are accurate.
You can suppress this message by setting them explicitly. Run the
following command and follow the instructions in your editor to edit
your configuration file:

    git config --global --edit

After doing this, you may fix the identity used for this commit with:

    git commit --amend --reset-author

 1 file changed, 22 insertions(+)
 create mode 100644 bash_pipeline.txt

Ka251005@RYTU6LAP7GTHC54 MINGW64 ~/test (master)
$ git config --global user.username kaiyven-github

Ka251005@RYTU6LAP7GTHC54 MINGW64 ~/test (master)
$ git remote add origin https://github.com/kaiyven/test_demo.git

Ka251005@RYTU6LAP7GTHC54 MINGW64 ~/test (master)
$ git push origin master
info: please complete authentication in your browser...
Enumerating objects: 3, done.
Counting objects: 100% (3/3), done.
Delta compression using up to 14 threads
Compressing objects: 100% (2/2), done.
Writing objects: 100% (3/3), 594 bytes | 594.00 KiB/s, done.
Total 3 (delta 0), reused 0 (delta 0), pack-reused 0 (from 0)
To https://github.com/kaiyven/test_demo.git
 * [new branch]      master -> master

Ka251005@RYTU6LAP7GTHC54 MINGW64 ~/test (master)
